<false>
<false>
<false>
<false>
<false>
<true>
120
