20, length(20)=2
3.140000, length(3.140000)=8
false, length(false)=5
hey ho let's go, length(hey ho let's go)=15

